\BOOKMARK [0][-]{chapter.1}{\376\377\000B\000u\000g\000\040\000L\000i\000s\000t}{}
\BOOKMARK [0][-]{chapter.2}{\376\377\000C\000l\000a\000s\000s\000\040\000I\000n\000d\000e\000x}{}
\BOOKMARK [1][-]{section.2.1}{\376\377\000C\000l\000a\000s\000s\000\040\000L\000i\000s\000t}{chapter.2}
\BOOKMARK [0][-]{chapter.3}{\376\377\000F\000i\000l\000e\000\040\000I\000n\000d\000e\000x}{}
\BOOKMARK [1][-]{section.3.1}{\376\377\000F\000i\000l\000e\000\040\000L\000i\000s\000t}{chapter.3}
\BOOKMARK [0][-]{chapter.4}{\376\377\000C\000l\000a\000s\000s\000\040\000D\000o\000c\000u\000m\000e\000n\000t\000a\000t\000i\000o\000n}{}
\BOOKMARK [1][-]{section.4.1}{\376\377\000C\000o\000l\000l\000i\000s\000i\000o\000n\000T\000e\000s\000t\000s\000\040\000C\000l\000a\000s\000s\000\040\000R\000e\000f\000e\000r\000e\000n\000c\000e}{chapter.4}
\BOOKMARK [2][-]{subsection.4.1.1}{\376\377\000M\000e\000m\000b\000e\000r\000\040\000F\000u\000n\000c\000t\000i\000o\000n\000\040\000D\000o\000c\000u\000m\000e\000n\000t\000a\000t\000i\000o\000n}{section.4.1}
\BOOKMARK [3][-]{subsubsection.4.1.1.1}{\376\377\000b\000u\000l\000l\000e\000t\000c\000o\000l\000l\000s\000i\000o\000n\000t\000e\000s\000t}{subsection.4.1.1}
\BOOKMARK [3][-]{subsubsection.4.1.1.2}{\376\377\000b\000u\000l\000l\000e\000t\000c\000o\000l\000l\000s\000i\000o\000n\000t\000e\000s\000t\0001}{subsection.4.1.1}
\BOOKMARK [3][-]{subsubsection.4.1.1.3}{\376\377\000c\000o\000l\000l\000i\000s\000i\000o\000n\000t\000e\000s\000t}{subsection.4.1.1}
\BOOKMARK [3][-]{subsubsection.4.1.1.4}{\376\377\000c\000o\000l\000l\000i\000s\000i\000o\000n\000t\000e\000s\000t\0001}{subsection.4.1.1}
\BOOKMARK [3][-]{subsubsection.4.1.1.5}{\376\377\000C\000P\000P\000U\000N\000I\000T\000\137\000T\000E\000S\000T}{subsection.4.1.1}
\BOOKMARK [3][-]{subsubsection.4.1.1.6}{\376\377\000C\000P\000P\000U\000N\000I\000T\000\137\000T\000E\000S\000T}{subsection.4.1.1}
\BOOKMARK [3][-]{subsubsection.4.1.1.7}{\376\377\000C\000P\000P\000U\000N\000I\000T\000\137\000T\000E\000S\000T}{subsection.4.1.1}
\BOOKMARK [3][-]{subsubsection.4.1.1.8}{\376\377\000C\000P\000P\000U\000N\000I\000T\000\137\000T\000E\000S\000T}{subsection.4.1.1}
\BOOKMARK [3][-]{subsubsection.4.1.1.9}{\376\377\000C\000P\000P\000U\000N\000I\000T\000\137\000T\000E\000S\000T\000\137\000S\000U\000I\000T\000E}{subsection.4.1.1}
\BOOKMARK [3][-]{subsubsection.4.1.1.10}{\376\377\000C\000P\000P\000U\000N\000I\000T\000\137\000T\000E\000S\000T\000\137\000S\000U\000I\000T\000E\000\137\000E\000N\000D}{subsection.4.1.1}
\BOOKMARK [0][-]{chapter.5}{\376\377\000F\000i\000l\000e\000\040\000D\000o\000c\000u\000m\000e\000n\000t\000a\000t\000i\000o\000n}{}
\BOOKMARK [1][-]{section.5.1}{\376\377\000A\000l\000l\000e\000g\000r\000o\000T\000e\000s\000t\000.\000c\000c\000\040\000F\000i\000l\000e\000\040\000R\000e\000f\000e\000r\000e\000n\000c\000e}{chapter.5}
\BOOKMARK [2][-]{subsection.5.1.1}{\376\377\000D\000e\000t\000a\000i\000l\000e\000d\000\040\000D\000e\000s\000c\000r\000i\000p\000t\000i\000o\000n}{section.5.1}
\BOOKMARK [2][-]{subsection.5.1.2}{\376\377\000F\000u\000n\000c\000t\000i\000o\000n\000\040\000D\000o\000c\000u\000m\000e\000n\000t\000a\000t\000i\000o\000n}{section.5.1}
\BOOKMARK [3][-]{subsubsection.5.1.2.1}{\376\377\000c\000o\000l\000l\000i\000s\000i\000o\000n}{subsection.5.1.2}
\BOOKMARK [3][-]{subsubsection.5.1.2.2}{\376\377\000c\000o\000l\000l\000i\000s\000i\000o\000n\0001}{subsection.5.1.2}
\BOOKMARK [1][-]{section.5.2}{\376\377\000A\000l\000l\000e\000g\000r\000o\000T\000e\000s\000t\000.\000h\000\040\000F\000i\000l\000e\000\040\000R\000e\000f\000e\000r\000e\000n\000c\000e}{chapter.5}
\BOOKMARK [2][-]{subsection.5.2.1}{\376\377\000D\000e\000t\000a\000i\000l\000e\000d\000\040\000D\000e\000s\000c\000r\000i\000p\000t\000i\000o\000n}{section.5.2}
\BOOKMARK [2][-]{subsection.5.2.2}{\376\377\000F\000u\000n\000c\000t\000i\000o\000n\000\040\000D\000o\000c\000u\000m\000e\000n\000t\000a\000t\000i\000o\000n}{section.5.2}
\BOOKMARK [3][-]{subsubsection.5.2.2.1}{\376\377\000c\000o\000l\000l\000i\000s\000i\000o\000n}{subsection.5.2.2}
\BOOKMARK [3][-]{subsubsection.5.2.2.2}{\376\377\000c\000o\000l\000l\000i\000s\000i\000o\000n\0001}{subsection.5.2.2}
\BOOKMARK [1][-]{section.5.3}{\376\377\000c\000o\000l\000l\000i\000s\000i\000o\000n\000t\000e\000s\000t\000s\000.\000h\000\040\000F\000i\000l\000e\000\040\000R\000e\000f\000e\000r\000e\000n\000c\000e}{chapter.5}
\BOOKMARK [2][-]{subsection.5.3.1}{\376\377\000D\000e\000t\000a\000i\000l\000e\000d\000\040\000D\000e\000s\000c\000r\000i\000p\000t\000i\000o\000n}{section.5.3}
\BOOKMARK [1][-]{section.5.4}{\376\377\000m\000a\000i\000n\000T\000e\000s\000t\000.\000c\000c\000\040\000F\000i\000l\000e\000\040\000R\000e\000f\000e\000r\000e\000n\000c\000e}{chapter.5}
\BOOKMARK [2][-]{subsection.5.4.1}{\376\377\000D\000e\000t\000a\000i\000l\000e\000d\000\040\000D\000e\000s\000c\000r\000i\000p\000t\000i\000o\000n}{section.5.4}
\BOOKMARK [2][-]{subsection.5.4.2}{\376\377\000F\000u\000n\000c\000t\000i\000o\000n\000\040\000D\000o\000c\000u\000m\000e\000n\000t\000a\000t\000i\000o\000n}{section.5.4}
\BOOKMARK [3][-]{subsubsection.5.4.2.1}{\376\377\000m\000a\000i\000n}{subsection.5.4.2}
